// Jest Snapshot v1, https://goo.gl/fbAQLP

exports[`Notifications should render correctly 1`] = `ShallowWrapper {}`;
